     1                                  	segment .data
     2 00000000 48656C6C6F2C20776F-     msg 	db 'Hello, world!',0x0A
     3 00000009 726C64210A         
     4                                  len 	equ $ - msg 		;length of hello string.
     5                                  
     6                                  	segment .text
     7                                  	global main		;must be declared for linker (ld)
     8                                  main:				;we tell linker where is entry point
     9 00000000 B804000000              	mov eax, 4		;system call number (sys_write)
    10 00000005 BB01000000              	mov ebx, 1		;file descriptor (stdout)
    11 0000000A B9[00000000]            	mov ecx, msg		;message to write
    12 0000000F BA0E000000              	mov edx, len		;message length
    13 00000014 CD80                    	int 0x80		;call kernel
    14                                  
    15 00000016 B801000000              	mov eax, 1		;system call number (sys_exit)
    16 0000001B 31DB                    	xor ebx, ebx		;exit status of this program
    17 0000001D CD80                    	int 0x80
    18                                  
